#
# Copyright 2022 SkyAPM org
#
# Licensed under the Apache License, Version 2.0 (the "License");
# you may not use this file except in compliance with the License.
# You may obtain a copy of the License at
#
# http://www.apache.org/licenses/LICENSE-2.0
#
# Unless required by applicable law or agreed to in writing, software
# distributed under the License is distributed on an "AS IS" BASIS,
# WITHOUT WARRANTIES OR CONDITIONS OF ANY KIND, either express or implied.
# See the License for the specific language governing permissions and
# limitations under the License.
#
logItems: []
meterItems:
  {{- contains .meterItems }}
  - serviceName: http-server
    meterSize: 8
    meters:
    {{- contains .meters }}
    - meterId:
        name: instance_golang_stack_used
        tags: []
      singleValue: {{ ge .singleValue 0.0 }}
    - meterId:
        name: instance_golang_os_threads_num
        tags: []
      singleValue: {{ ge .singleValue 0.0 }}
    - meterId:
        name: instance_golang_live_goroutines_num
        tags: []
      singleValue: {{ ge .singleValue 0.0 }}
    - meterId:
        name: instance_host_cpu_used_rate
        tags: []
      singleValue: {{ ge .singleValue 0.0 }}
    - meterId:
        name: instance_golang_gc_pause_time
        tags: []
      singleValue: {{ ge .singleValue 0.0 }}
    - meterId:
        name: instance_host_mem_used_rate
        tags: []
      singleValue: {{ ge .singleValue 0.0 }}
    - meterId:
        name: instance_golang_heap_alloc
        tags: []
      singleValue: {{ ge .singleValue 0.0 }}
    - meterId:
        name: instance_golang_gc_count
        tags: []
      singleValue: {{ ge .singleValue 0.0 }}
    {{- end }}
  {{- end }}
segmentItems: []
